// Jest Snapshot v1, https://goo.gl/fbAQLP

exports[`Testing Date picker Snapshot testing 1`] = `ShallowWrapper {}`;
