// Jest Snapshot v1, https://goo.gl/fbAQLP

exports[`Testing DraggableDialog Snapshot testing 1`] = `ShallowWrapper {}`;

exports[`Testing DraggableDialog Snapshot testing 2`] = `ReactWrapper {}`;
