// Jest Snapshot v1, https://goo.gl/fbAQLP

exports[`Testing Gift card component Snapshot testing 1`] = `ShallowWrapper {}`;
