// Jest Snapshot v1, https://goo.gl/fbAQLP

exports[`Testing InputTypeComponent  Snapshot testing 1`] = `ShallowWrapper {}`;
