// Jest Snapshot v1, https://goo.gl/fbAQLP

exports[`Testing GiftReceivedContainer Snapsot testing 1`] = `ShallowWrapper {}`;
