// Jest Snapshot v1, https://goo.gl/fbAQLP

exports[`Testong ProfileContainer Snapshot testing 1`] = `ShallowWrapper {}`;
