// Jest Snapshot v1, https://goo.gl/fbAQLP

exports[`Testing giftsSend component Snapshot testing 1`] = `ShallowWrapper {}`;
