// Jest Snapshot v1, https://goo.gl/fbAQLP

exports[`Testing Login component Snapshot testing 1`] = `ShallowWrapper {}`;
