// Jest Snapshot v1, https://goo.gl/fbAQLP

exports[`Testing tablePaginationActions component Snapshot testing 1`] = `ShallowWrapper {}`;
