// Jest Snapshot v1, https://goo.gl/fbAQLP

exports[`Testing List users component Snapshot testign 1`] = `ShallowWrapper {}`;
