// Jest Snapshot v1, https://goo.gl/fbAQLP

exports[`Testing GiftsShowContainer Snapshot testing 1`] = `ShallowWrapper {}`;
