// Jest Snapshot v1, https://goo.gl/fbAQLP

exports[`Testing GiftsSendContainer Snapshot testing 1`] = `ShallowWrapper {}`;
