// Jest Snapshot v1, https://goo.gl/fbAQLP

exports[`Testing GiftsListComponent Snapshot test 1`] = `ShallowWrapper {}`;
